[2025-07-26 22:23:24] [port 6006] ⏱️ Load MTCNN model: 132ms
[2025-07-26 22:23:24] [port 6002] ⏱️ Load MTCNN model: 173ms
[2025-07-26 22:23:24] [port 6004] ⏱️ Load MTCNN model: 125ms
[2025-07-26 22:23:24] [port 6001] ⏱️ Load MTCNN model: 37ms
🚀 Executor aktif di port 6006
🚀 Executor aktif di port 6001
🚀 Executor aktif di port 6002
🚀 Executor aktif di port 6004
[2025-07-26 22:23:24] [port 6003] ⏱️ Load MTCNN model: 28ms
🚀 Executor aktif di port 6003
[2025-07-26 22:23:24] [port 6005] ⏱️ Load MTCNN model: 6ms
🚀 Executor aktif di port 6005
[2025-07-26 22:42:01] [port 6005] ⚙️  Called RegisterFace: 
[2025-07-26 22:42:02] [port 6005] ✅ Registered: 20E230F4-388C-4377-B55A-90E92B56E3F6 | name=mann, origin=semarang
[2025-07-26 22:42:02] [port 6005] ⏱️ Save to Redis & PostgreSQL: 39ms
[2025-07-26 22:42:02] [port 6005] ⏱️ Generate embedding: 696ms
[2025-07-26 22:42:02] [port 6005] ⏱️ Face alignment: 700ms
[2025-07-26 22:42:02] [port 6005] ⏱️ Face detection: 750ms
[2025-07-26 22:42:02] [port 6005] ⏱️ Decode image: 833ms
[2025-07-26 22:42:02] [port 6005] ⏱️ RegisterFace total: 834ms
[2025-07-27 09:24:38] [port 6003] ⚙️  Called RegisterFace: 
[2025-07-27 09:24:39] [port 6003] ✅ Registered: 5BDACA53-052E-4B37-B01A-AE1D3F379FE6 | name=zall, origin=semarang
[2025-07-27 09:24:39] [port 6003] ⏱️ Save to Redis & PostgreSQL: 36ms
[2025-07-27 09:24:39] [port 6003] ⏱️ Generate embedding: 1029ms
[2025-07-27 09:24:39] [port 6003] ⏱️ Face alignment: 1033ms
[2025-07-27 09:24:39] [port 6003] ⏱️ Face detection: 1148ms
[2025-07-27 09:24:39] [port 6003] ⏱️ Decode image: 1248ms
[2025-07-27 09:24:39] [port 6003] ⏱️ RegisterFace total: 1249ms
[2025-07-27 09:25:38] [port 6004] ⚙️  Called IdentifyFace
[2025-07-27 09:25:39] [port 6004] 🔍 Face-0: 5BDACA53-052E-4B37-B01A-AE1D3F379FE6 (sim=0.648861)
[2025-07-27 09:25:39] [port 6004] ⏱️ Find best match face-0: 0ms
[2025-07-27 09:25:39] [port 6004] ⏱️ Align & Embed face-0: 793ms
[2025-07-27 09:25:39] [port 6004] 🔍 Face-1: 20E230F4-388C-4377-B55A-90E92B56E3F6 (sim=0.765071)
[2025-07-27 09:25:39] [port 6004] ⏱️ Find best match face-1: 0ms
[2025-07-27 09:25:39] [port 6004] ⏱️ Align & Embed face-1: 158ms
[2025-07-27 09:25:39] [port 6004] ⏱️ Load embeddings from Redis/PostgreSQL: 953ms
[2025-07-27 09:25:39] [port 6004] ⏱️ Face detection: 1039ms
[2025-07-27 09:25:39] [port 6004] ⏱️ Decode image: 1106ms
[2025-07-27 09:25:39] [port 6004] ⏱️ IdentifyFace total: 1107ms
[2025-07-27 09:28:12] [port 6006] ✅ VerifyFaces done: sim=0.443167 | result=REVIEW
[2025-07-27 09:28:12] [port 6006] ⏱️ VerifyFace total: 880ms
[2025-07-27 21:49:09] [port 6004] ✅ VerifyFaces done: sim=0.443167 | result=REVIEW
[2025-07-27 21:49:09] [port 6004] ⏱️ VerifyFace total: 1039ms
[2025-07-27 21:50:23] [port 6005] ✅ VerifyFaces done: sim=0.639938 | result=MATCH
[2025-07-27 21:50:23] [port 6005] ⏱️ VerifyFace total: 1665ms
